{
  "cpf": "35318965040",
  "first_name": "JOAO SILVA",
  "middle_name": "",
  "last_name": "GARCIA",
  "gender": "I",
  "birth": "1991-06-05",
  "status_receita_federal": "Regular",
  "rg_number": null,
  "rg_orgao_emissor": null,
  "rg_uf": null,
  "voter_registration": "302050270645",
  "death": "0",
  "nationality": "Brasileiro",
  "minor": "0",
  "marital_status": null,
  "mother_first_name": "CLAUDIA MARIA",
  "mother_middle_name": "DA SILVA",
  "mother_last_name": "GARCIA",
  "schooling": "2º grau completo (ensino médio)"
}