{
  "cnpj": "33630661000150",
  "name": "LATAM TECNOLOGIA LTDA",
  "fantasy_name": "LATAM GATEWAY",
  "opening_date": "2019-05-15",
  "parent_company": "MATRIZ",
  "cadastral_status": "ATIVA",
  "cadastral_status_date": "2019-05-15",
  "cadastral_status_reason": "SEM MOTIVO",
  "special_status": null,
  "state_registration": [

  ]
}